
> ajo-server@0.0.1 start:prod
> node dist/main

[32m[Nest] 20666  - [39m07/17/2026, 12:38:41 AM [32m    LOG[39m [38;5;3m[NestFactory] [39m[32mStarting Nest application...[39m
[32m[Nest] 20666  - [39m07/17/2026, 12:38:41 AM [32m    LOG[39m [38;5;3m[InstanceLoader] [39m[32mMongooseModule dependencies initialized[39m[38;5;3m +8ms[39m
[32m[Nest] 20666  - [39m07/17/2026, 12:38:41 AM [32m    LOG[39m [38;5;3m[InstanceLoader] [39m[32mPassportModule dependencies initialized[39m[38;5;3m +0ms[39m
[32m[Nest] 20666  - [39m07/17/2026, 12:38:41 AM [32m    LOG[39m [38;5;3m[InstanceLoader] [39m[32mConfigHostModule dependencies initialized[39m[38;5;3m +0ms[39m
[32m[Nest] 20666  - [39m07/17/2026, 12:38:41 AM [32m    LOG[39m [38;5;3m[InstanceLoader] [39m[32mDiscoveryModule dependencies initialized[39m[38;5;3m +0ms[39m
[32m[Nest] 20666  - [39m07/17/2026, 12:38:41 AM [32m    LOG[39m [38;5;3m[InstanceLoader] [39m[32mAppModule dependencies initialized[39m[38;5;3m +0ms[39m
[32m[Nest] 20666  - [39m07/17/2026, 12:38:41 AM [32m    LOG[39m [38;5;3m[InstanceLoader] [39m[32mConfigModule dependencies initialized[39m[38;5;3m +0ms[39m
[32m[Nest] 20666  - [39m07/17/2026, 12:38:41 AM [32m    LOG[39m [38;5;3m[InstanceLoader] [39m[32mConfigModule dependencies initialized[39m[38;5;3m +0ms[39m
[32m[Nest] 20666  - [39m07/17/2026, 12:38:41 AM [32m    LOG[39m [38;5;3m[InstanceLoader] [39m[32mScheduleModule dependencies initialized[39m[38;5;3m +0ms[39m
[32m[Nest] 20666  - [39m07/17/2026, 12:38:41 AM [32m    LOG[39m [38;5;3m[InstanceLoader] [39m[32mPaymentsModule dependencies initialized[39m[38;5;3m +5ms[39m
[32m[Nest] 20666  - [39m07/17/2026, 12:38:41 AM [32m    LOG[39m [38;5;3m[InstanceLoader] [39m[32mWebhooksModule dependencies initialized[39m[38;5;3m +0ms[39m
[32m[Nest] 20666  - [39m07/17/2026, 12:38:41 AM [32m    LOG[39m [38;5;3m[InstanceLoader] [39m[32mJwtModule dependencies initialized[39m[38;5;3m +0ms[39m
[32m[Nest] 20666  - [39m07/17/2026, 12:38:42 AM [32m    LOG[39m [38;5;3m[InstanceLoader] [39m[32mMongooseCoreModule dependencies initialized[39m[38;5;3m +1260ms[39m
[32m[Nest] 20666  - [39m07/17/2026, 12:38:42 AM [32m    LOG[39m [38;5;3m[InstanceLoader] [39m[32mMongooseModule dependencies initialized[39m[38;5;3m +5ms[39m
[32m[Nest] 20666  - [39m07/17/2026, 12:38:42 AM [32m    LOG[39m [38;5;3m[InstanceLoader] [39m[32mMongooseModule dependencies initialized[39m[38;5;3m +0ms[39m
[32m[Nest] 20666  - [39m07/17/2026, 12:38:42 AM [32m    LOG[39m [38;5;3m[InstanceLoader] [39m[32mMongooseModule dependencies initialized[39m[38;5;3m +0ms[39m
[32m[Nest] 20666  - [39m07/17/2026, 12:38:42 AM [32m    LOG[39m [38;5;3m[InstanceLoader] [39m[32mMongooseModule dependencies initialized[39m[38;5;3m +0ms[39m
[32m[Nest] 20666  - [39m07/17/2026, 12:38:42 AM [32m    LOG[39m [38;5;3m[InstanceLoader] [39m[32mMongooseModule dependencies initialized[39m[38;5;3m +0ms[39m
[32m[Nest] 20666  - [39m07/17/2026, 12:38:42 AM [32m    LOG[39m [38;5;3m[InstanceLoader] [39m[32mMongooseModule dependencies initialized[39m[38;5;3m +0ms[39m
[32m[Nest] 20666  - [39m07/17/2026, 12:38:42 AM [32m    LOG[39m [38;5;3m[InstanceLoader] [39m[32mMongooseModule dependencies initialized[39m[38;5;3m +0ms[39m
[32m[Nest] 20666  - [39m07/17/2026, 12:38:42 AM [32m    LOG[39m [38;5;3m[InstanceLoader] [39m[32mUsersModule dependencies initialized[39m[38;5;3m +0ms[39m
[32m[Nest] 20666  - [39m07/17/2026, 12:38:42 AM [32m    LOG[39m [38;5;3m[InstanceLoader] [39m[32mOtpModule dependencies initialized[39m[38;5;3m +0ms[39m
[32m[Nest] 20666  - [39m07/17/2026, 12:38:42 AM [32m    LOG[39m [38;5;3m[InstanceLoader] [39m[32mAdminModule dependencies initialized[39m[38;5;3m +2ms[39m
[32m[Nest] 20666  - [39m07/17/2026, 12:38:42 AM [32m    LOG[39m [38;5;3m[InstanceLoader] [39m[32mWalletModule dependencies initialized[39m[38;5;3m +0ms[39m
[32m[Nest] 20666  - [39m07/17/2026, 12:38:42 AM [32m    LOG[39m [38;5;3m[InstanceLoader] [39m[32mGroupsModule dependencies initialized[39m[38;5;3m +0ms[39m
[32m[Nest] 20666  - [39m07/17/2026, 12:38:42 AM [32m    LOG[39m [38;5;3m[InstanceLoader] [39m[32mBillsModule dependencies initialized[39m[38;5;3m +0ms[39m
[32m[Nest] 20666  - [39m07/17/2026, 12:38:42 AM [32m    LOG[39m [38;5;3m[InstanceLoader] [39m[32mAuthModule dependencies initialized[39m[38;5;3m +0ms[39m
[32m[Nest] 20666  - [39m07/17/2026, 12:38:42 AM [32m    LOG[39m [38;5;3m[InstanceLoader] [39m[32mNotificationsModule dependencies initialized[39m[38;5;3m +0ms[39m
[32m[Nest] 20666  - [39m07/17/2026, 12:38:42 AM [32m    LOG[39m [38;5;3m[InstanceLoader] [39m[32mCyclesModule dependencies initialized[39m[38;5;3m +0ms[39m
[32m[Nest] 20666  - [39m07/17/2026, 12:38:42 AM [32m    LOG[39m [38;5;3m[RoutesResolver] [39m[32mAppController {/}:[39m[38;5;3m +4ms[39m
[32m[Nest] 20666  - [39m07/17/2026, 12:38:42 AM [32m    LOG[39m [38;5;3m[RouterExplorer] [39m[32mMapped {/health, GET} route[39m[38;5;3m +2ms[39m
[32m[Nest] 20666  - [39m07/17/2026, 12:38:42 AM [32m    LOG[39m [38;5;3m[RoutesResolver] [39m[32mAuthController {/auth}:[39m[38;5;3m +0ms[39m
[32m[Nest] 20666  - [39m07/17/2026, 12:38:42 AM [32m    LOG[39m [38;5;3m[RouterExplorer] [39m[32mMapped {/auth/otp/request, POST} route[39m[38;5;3m +0ms[39m
[32m[Nest] 20666  - [39m07/17/2026, 12:38:42 AM [32m    LOG[39m [38;5;3m[RouterExplorer] [39m[32mMapped {/auth/otp/verify, POST} route[39m[38;5;3m +0ms[39m
[32m[Nest] 20666  - [39m07/17/2026, 12:38:42 AM [32m    LOG[39m [38;5;3m[RouterExplorer] [39m[32mMapped {/auth/register, POST} route[39m[38;5;3m +1ms[39m
[32m[Nest] 20666  - [39m07/17/2026, 12:38:42 AM [32m    LOG[39m [38;5;3m[RouterExplorer] [39m[32mMapped {/auth/login, POST} route[39m[38;5;3m +0ms[39m
[32m[Nest] 20666  - [39m07/17/2026, 12:38:42 AM [32m    LOG[39m [38;5;3m[RouterExplorer] [39m[32mMapped {/auth/forgot-password, POST} route[39m[38;5;3m +0ms[39m
[32m[Nest] 20666  - [39m07/17/2026, 12:38:42 AM [32m    LOG[39m [38;5;3m[RouterExplorer] [39m[32mMapped {/auth/reset-password, POST} route[39m[38;5;3m +0ms[39m
[32m[Nest] 20666  - [39m07/17/2026, 12:38:42 AM [32m    LOG[39m [38;5;3m[RouterExplorer] [39m[32mMapped {/auth/me, GET} route[39m[38;5;3m +0ms[39m
[32m[Nest] 20666  - [39m07/17/2026, 12:38:42 AM [32m    LOG[39m [38;5;3m[RouterExplorer] [39m[32mMapped {/auth/me, PATCH} route[39m[38;5;3m +0ms[39m
[32m[Nest] 20666  - [39m07/17/2026, 12:38:42 AM [32m    LOG[39m [38;5;3m[RouterExplorer] [39m[32mMapped {/auth/admin/login, POST} route[39m[38;5;3m +0ms[39m
[32m[Nest] 20666  - [39m07/17/2026, 12:38:42 AM [32m    LOG[39m [38;5;3m[RoutesResolver] [39m[32mGroupsController {/groups}:[39m[38;5;3m +0ms[39m
[32m[Nest] 20666  - [39m07/17/2026, 12:38:42 AM [32m    LOG[39m [38;5;3m[RouterExplorer] [39m[32mMapped {/groups, POST} route[39m[38;5;3m +0ms[39m
[32m[Nest] 20666  - [39m07/17/2026, 12:38:42 AM [32m    LOG[39m [38;5;3m[RouterExplorer] [39m[32mMapped {/groups, GET} route[39m[38;5;3m +1ms[39m
[32m[Nest] 20666  - [39m07/17/2026, 12:38:42 AM [32m    LOG[39m [38;5;3m[RouterExplorer] [39m[32mMapped {/groups/:id, GET} route[39m[38;5;3m +0ms[39m
[32m[Nest] 20666  - [39m07/17/2026, 12:38:42 AM [32m    LOG[39m [38;5;3m[RouterExplorer] [39m[32mMapped {/groups/:id/members, GET} route[39m[38;5;3m +0ms[39m
[32m[Nest] 20666  - [39m07/17/2026, 12:38:42 AM [32m    LOG[39m [38;5;3m[RouterExplorer] [39m[32mMapped {/groups/:id/invites, POST} route[39m[38;5;3m +0ms[39m
[32m[Nest] 20666  - [39m07/17/2026, 12:38:42 AM [32m    LOG[39m [38;5;3m[RouterExplorer] [39m[32mMapped {/groups/:id/rotation/lock, POST} route[39m[38;5;3m +0ms[39m
[32m[Nest] 20666  - [39m07/17/2026, 12:38:42 AM [32m    LOG[39m [38;5;3m[RouterExplorer] [39m[32mMapped {/groups/:id/auto-collect, PATCH} route[39m[38;5;3m +0ms[39m
[32m[Nest] 20666  - [39m07/17/2026, 12:38:42 AM [32m    LOG[39m [38;5;3m[RouterExplorer] [39m[32mMapped {/groups/:id, PATCH} route[39m[38;5;3m +0ms[39m
[32m[Nest] 20666  - [39m07/17/2026, 12:38:42 AM [32m    LOG[39m [38;5;3m[RouterExplorer] [39m[32mMapped {/groups/:id/continue, POST} route[39m[38;5;3m +0ms[39m
[32m[Nest] 20666  - [39m07/17/2026, 12:38:42 AM [32m    LOG[39m [38;5;3m[RouterExplorer] [39m[32mMapped {/groups/:id/terminate, POST} route[39m[38;5;3m +0ms[39m
[32m[Nest] 20666  - [39m07/17/2026, 12:38:42 AM [32m    LOG[39m [38;5;3m[RoutesResolver] [39m[32mInvitesController {/invites}:[39m[38;5;3m +0ms[39m
[32m[Nest] 20666  - [39m07/17/2026, 12:38:42 AM [32m    LOG[39m [38;5;3m[RouterExplorer] [39m[32mMapped {/invites/me, GET} route[39m[38;5;3m +0ms[39m
[32m[Nest] 20666  - [39m07/17/2026, 12:38:42 AM [32m    LOG[39m [38;5;3m[RouterExplorer] [39m[32mMapped {/invites/:id/respond, PATCH} route[39m[38;5;3m +1ms[39m
[32m[Nest] 20666  - [39m07/17/2026, 12:38:42 AM [32m    LOG[39m [38;5;3m[RoutesResolver] [39m[32mCyclesController {/groups/:groupId}:[39m[38;5;3m +0ms[39m
[32m[Nest] 20666  - [39m07/17/2026, 12:38:42 AM [32m    LOG[39m [38;5;3m[RouterExplorer] [39m[32mMapped {/groups/:groupId/activate, POST} route[39m[38;5;3m +0ms[39m
[32m[Nest] 20666  - [39m07/17/2026, 12:38:42 AM [32m    LOG[39m [38;5;3m[RouterExplorer] [39m[32mMapped {/groups/:groupId/cycles, GET} route[39m[38;5;3m +0ms[39m
[32m[Nest] 20666  - [39m07/17/2026, 12:38:42 AM [32m    LOG[39m [38;5;3m[RouterExplorer] [39m[32mMapped {/groups/:groupId/cycles/current, GET} route[39m[38;5;3m +0ms[39m
[32m[Nest] 20666  - [39m07/17/2026, 12:38:42 AM [32m    LOG[39m [38;5;3m[RouterExplorer] [39m[32mMapped {/groups/:groupId/cycles/:cycleId/collect-contributions, POST} route[39m[38;5;3m +0ms[39m
[32m[Nest] 20666  - [39m07/17/2026, 12:38:42 AM [32m    LOG[39m [38;5;3m[RouterExplorer] [39m[32mMapped {/groups/:groupId/cycles/:cycleId/payout, POST} route[39m[38;5;3m +0ms[39m
[32m[Nest] 20666  - [39m07/17/2026, 12:38:42 AM [32m    LOG[39m [38;5;3m[RoutesResolver] [39m[32mNotificationsController {/notifications}:[39m[38;5;3m +0ms[39m
[32m[Nest] 20666  - [39m07/17/2026, 12:38:42 AM [32m    LOG[39m [38;5;3m[RouterExplorer] [39m[32mMapped {/notifications, GET} route[39m[38;5;3m +0ms[39m
[32m[Nest] 20666  - [39m07/17/2026, 12:38:42 AM [32m    LOG[39m [38;5;3m[RouterExplorer] [39m[32mMapped {/notifications/read, PATCH} route[39m[38;5;3m +0ms[39m
[32m[Nest] 20666  - [39m07/17/2026, 12:38:42 AM [32m    LOG[39m [38;5;3m[RouterExplorer] [39m[32mMapped {/notifications/read-all, PATCH} route[39m[38;5;3m +0ms[39m
[32m[Nest] 20666  - [39m07/17/2026, 12:38:42 AM [32m    LOG[39m [38;5;3m[RouterExplorer] [39m[32mMapped {/notifications/device-token, POST} route[39m[38;5;3m +0ms[39m
[32m[Nest] 20666  - [39m07/17/2026, 12:38:42 AM [32m    LOG[39m [38;5;3m[RouterExplorer] [39m[32mMapped {/notifications/device-token/:token, DELETE} route[39m[38;5;3m +0ms[39m
[32m[Nest] 20666  - [39m07/17/2026, 12:38:42 AM [32m    LOG[39m [38;5;3m[RoutesResolver] [39m[32mWalletController {/wallet}:[39m[38;5;3m +0ms[39m
[32m[Nest] 20666  - [39m07/17/2026, 12:38:42 AM [32m    LOG[39m [38;5;3m[RouterExplorer] [39m[32mMapped {/wallet/me, GET} route[39m[38;5;3m +0ms[39m
[32m[Nest] 20666  - [39m07/17/2026, 12:38:42 AM [32m    LOG[39m [38;5;3m[RouterExplorer] [39m[32mMapped {/wallet/fund/initialize, POST} route[39m[38;5;3m +0ms[39m
[32m[Nest] 20666  - [39m07/17/2026, 12:38:42 AM [32m    LOG[39m [38;5;3m[RouterExplorer] [39m[32mMapped {/wallet/fund/verify/:reference, GET} route[39m[38;5;3m +0ms[39m
[32m[Nest] 20666  - [39m07/17/2026, 12:38:42 AM [32m    LOG[39m [38;5;3m[RouterExplorer] [39m[32mMapped {/wallet/banks, GET} route[39m[38;5;3m +1ms[39m
[32m[Nest] 20666  - [39m07/17/2026, 12:38:42 AM [32m    LOG[39m [38;5;3m[RouterExplorer] [39m[32mMapped {/wallet/bank-account, GET} route[39m[38;5;3m +0ms[39m
[32m[Nest] 20666  - [39m07/17/2026, 12:38:42 AM [32m    LOG[39m [38;5;3m[RouterExplorer] [39m[32mMapped {/wallet/bank-account, POST} route[39m[38;5;3m +0ms[39m
[32m[Nest] 20666  - [39m07/17/2026, 12:38:42 AM [32m    LOG[39m [38;5;3m[RoutesResolver] [39m[32mWebhookController {/webhooks/paystack}:[39m[38;5;3m +0ms[39m
[32m[Nest] 20666  - [39m07/17/2026, 12:38:42 AM [32m    LOG[39m [38;5;3m[RouterExplorer] [39m[32mMapped {/webhooks/paystack, POST} route[39m[38;5;3m +0ms[39m
[32m[Nest] 20666  - [39m07/17/2026, 12:38:42 AM [32m    LOG[39m [38;5;3m[RoutesResolver] [39m[32mGroupDashboardController {/groups/:groupId/dashboard}:[39m[38;5;3m +0ms[39m
[32m[Nest] 20666  - [39m07/17/2026, 12:38:42 AM [32m    LOG[39m [38;5;3m[RouterExplorer] [39m[32mMapped {/groups/:groupId/dashboard/defaulters, GET} route[39m[38;5;3m +0ms[39m
[32m[Nest] 20666  - [39m07/17/2026, 12:38:42 AM [32m    LOG[39m [38;5;3m[RouterExplorer] [39m[32mMapped {/groups/:groupId/dashboard/standings, GET} route[39m[38;5;3m +0ms[39m
[32m[Nest] 20666  - [39m07/17/2026, 12:38:42 AM [32m    LOG[39m [38;5;3m[RouterExplorer] [39m[32mMapped {/groups/:groupId/dashboard/contribution-summary, GET} route[39m[38;5;3m +0ms[39m
[32m[Nest] 20666  - [39m07/17/2026, 12:38:42 AM [32m    LOG[39m [38;5;3m[RoutesResolver] [39m[32mPlatformAdminUsersController {/admin/users}:[39m[38;5;3m +0ms[39m
[32m[Nest] 20666  - [39m07/17/2026, 12:38:42 AM [32m    LOG[39m [38;5;3m[RouterExplorer] [39m[32mMapped {/admin/users, GET} route[39m[38;5;3m +0ms[39m
[32m[Nest] 20666  - [39m07/17/2026, 12:38:42 AM [32m    LOG[39m [38;5;3m[RouterExplorer] [39m[32mMapped {/admin/users/:id, GET} route[39m[38;5;3m +0ms[39m
[32m[Nest] 20666  - [39m07/17/2026, 12:38:42 AM [32m    LOG[39m [38;5;3m[RoutesResolver] [39m[32mPlatformAdminGroupsController {/admin/groups}:[39m[38;5;3m +0ms[39m
[32m[Nest] 20666  - [39m07/17/2026, 12:38:42 AM [32m    LOG[39m [38;5;3m[RouterExplorer] [39m[32mMapped {/admin/groups, GET} route[39m[38;5;3m +0ms[39m
[32m[Nest] 20666  - [39m07/17/2026, 12:38:42 AM [32m    LOG[39m [38;5;3m[RouterExplorer] [39m[32mMapped {/admin/groups/:id, GET} route[39m[38;5;3m +3ms[39m
[32m[Nest] 20666  - [39m07/17/2026, 12:38:42 AM [32m    LOG[39m [38;5;3m[RouterExplorer] [39m[32mMapped {/admin/groups/:id/service-fee, PATCH} route[39m[38;5;3m +0ms[39m
[32m[Nest] 20666  - [39m07/17/2026, 12:38:42 AM [32m    LOG[39m [38;5;3m[RoutesResolver] [39m[32mPlatformAdminFinanceController {/admin/finance}:[39m[38;5;3m +0ms[39m
[32m[Nest] 20666  - [39m07/17/2026, 12:38:42 AM [32m    LOG[39m [38;5;3m[RouterExplorer] [39m[32mMapped {/admin/finance/wallet-transactions, GET} route[39m[38;5;3m +0ms[39m
[32m[Nest] 20666  - [39m07/17/2026, 12:38:42 AM [32m    LOG[39m [38;5;3m[RouterExplorer] [39m[32mMapped {/admin/finance/payouts, GET} route[39m[38;5;3m +1ms[39m
[32m[Nest] 20666  - [39m07/17/2026, 12:38:42 AM [32m    LOG[39m [38;5;3m[RouterExplorer] [39m[32mMapped {/admin/finance/group-wallet-transactions, GET} route[39m[38;5;3m +0ms[39m
[32m[Nest] 20666  - [39m07/17/2026, 12:38:42 AM [32m    LOG[39m [38;5;3m[RoutesResolver] [39m[32mPlatformAdminManagementController {/admin/admins}:[39m[38;5;3m +0ms[39m
[32m[Nest] 20666  - [39m07/17/2026, 12:38:42 AM [32m    LOG[39m [38;5;3m[RouterExplorer] [39m[32mMapped {/admin/admins, GET} route[39m[38;5;3m +0ms[39m
[32m[Nest] 20666  - [39m07/17/2026, 12:38:42 AM [32m    LOG[39m [38;5;3m[RouterExplorer] [39m[32mMapped {/admin/admins, POST} route[39m[38;5;3m +0ms[39m
[32m[Nest] 20666  - [39m07/17/2026, 12:38:42 AM [32m    LOG[39m [38;5;3m[RouterExplorer] [39m[32mMapped {/admin/admins/:id/active, PATCH} route[39m[38;5;3m +0ms[39m
[32m[Nest] 20666  - [39m07/17/2026, 12:38:42 AM [32m    LOG[39m [38;5;3m[RoutesResolver] [39m[32mPlatformAdminWalletController {/admin/wallet}:[39m[38;5;3m +0ms[39m
[32m[Nest] 20666  - [39m07/17/2026, 12:38:42 AM [32m    LOG[39m [38;5;3m[RouterExplorer] [39m[32mMapped {/admin/wallet, GET} route[39m[38;5;3m +0ms[39m
[32m[Nest] 20666  - [39m07/17/2026, 12:38:42 AM [32m    LOG[39m [38;5;3m[RouterExplorer] [39m[32mMapped {/admin/wallet/withdraw, POST} route[39m[38;5;3m +0ms[39m
[32m[Nest] 20666  - [39m07/17/2026, 12:38:42 AM [32m    LOG[39m [38;5;3m[RouterExplorer] [39m[32mMapped {/admin/wallet/bank-account, GET} route[39m[38;5;3m +0ms[39m
[32m[Nest] 20666  - [39m07/17/2026, 12:38:42 AM [32m    LOG[39m [38;5;3m[RouterExplorer] [39m[32mMapped {/admin/wallet/bank-account, POST} route[39m[38;5;3m +0ms[39m
[32m[Nest] 20666  - [39m07/17/2026, 12:38:42 AM [32m    LOG[39m [38;5;3m[RouterExplorer] [39m[32mMapped {/admin/wallet/banks, GET} route[39m[38;5;3m +0ms[39m
[32m[Nest] 20666  - [39m07/17/2026, 12:38:42 AM [32m    LOG[39m [38;5;3m[RoutesResolver] [39m[32mBillsController {/bills}:[39m[38;5;3m +0ms[39m
[32m[Nest] 20666  - [39m07/17/2026, 12:38:42 AM [32m    LOG[39m [38;5;3m[RouterExplorer] [39m[32mMapped {/bills/validate/meter, POST} route[39m[38;5;3m +0ms[39m
[32m[Nest] 20666  - [39m07/17/2026, 12:38:42 AM [32m    LOG[39m [38;5;3m[RouterExplorer] [39m[32mMapped {/bills/validate/smart-card, POST} route[39m[38;5;3m +0ms[39m
[32m[Nest] 20666  - [39m07/17/2026, 12:38:42 AM [32m    LOG[39m [38;5;3m[RouterExplorer] [39m[32mMapped {/bills/airtime, POST} route[39m[38;5;3m +0ms[39m
[32m[Nest] 20666  - [39m07/17/2026, 12:38:42 AM [32m    LOG[39m [38;5;3m[RouterExplorer] [39m[32mMapped {/bills/data, POST} route[39m[38;5;3m +0ms[39m
[32m[Nest] 20666  - [39m07/17/2026, 12:38:42 AM [32m    LOG[39m [38;5;3m[RouterExplorer] [39m[32mMapped {/bills/cable, POST} route[39m[38;5;3m +0ms[39m
[32m[Nest] 20666  - [39m07/17/2026, 12:38:42 AM [32m    LOG[39m [38;5;3m[RouterExplorer] [39m[32mMapped {/bills/electricity, POST} route[39m[38;5;3m +0ms[39m
[32m[Nest] 20666  - [39m07/17/2026, 12:38:42 AM [32m    LOG[39m [38;5;3m[RouterExplorer] [39m[32mMapped {/bills/data-plans, GET} route[39m[38;5;3m +1ms[39m
[32m[Nest] 20666  - [39m07/17/2026, 12:38:42 AM [32m    LOG[39m [38;5;3m[RouterExplorer] [39m[32mMapped {/bills/cable-plans, GET} route[39m[38;5;3m +0ms[39m
[32m[Nest] 20666  - [39m07/17/2026, 12:38:42 AM [32m    LOG[39m [38;5;3m[RouterExplorer] [39m[32mMapped {/bills/history, GET} route[39m[38;5;3m +0ms[39m
[32m[Nest] 20666  - [39m07/17/2026, 12:38:42 AM [32m    LOG[39m [38;5;3m[FirebaseService] [39m[32mFirebase Admin initialised (project: ma-project-497415)[39m
[32m[Nest] 20666  - [39m07/17/2026, 12:38:42 AM [32m    LOG[39m [38;5;3m[NestApplication] [39m[32mNest application successfully started[39m[38;5;3m +7ms[39m
[33m[Nest] 20666  - [39m07/17/2026, 12:39:42 AM [33m   WARN[39m [38;5;3m[OtpService] [39m[33mOTP for +2347068497568: 009520[39m
[31m[Nest] 20666  - [39m07/17/2026, 12:39:42 AM [31m  ERROR[39m [38;5;3m[TermiiService] [39m[31mTermii SMS send failed for 2347068497568: Request failed with status code 401[39m
